[www.admoboost.com/index.html]
[backblue.gif]
[fade.gif]
[index.html]
[www.admoboost.com/css/webflow-style.css]
[fonts.googleapis.com/index.html]
[www.admoboost.com/js/webfont.js]
[www.admoboost.com/images/favicon.png]
[www.admoboost.com/images/app-icon.png]
[cdn.cookie-script.com/s/96cd8ba528eadaa35849ea500e8adc51.js]
[www.admoboost.com/index-2.html]
[www.admoboost.com/moboost-ai-prototype.html]
[www.admoboost.com/cross-platform-advertising.html]
[www.admoboost.com/case-studies.html]
[www.admoboost.com/job-offers.html]
[www.admoboost.com/ru.html]
[www.admoboost.com/images/search.png]
[www.admoboost.com/images/adidas.png]
[www.admoboost.com/images/frame-202131330191-20-1-.png]
[www.admoboost.com/privacy-policy.25.delayed]
[www.admoboost.com/privacy-policy-2.html]
[www.admoboost.com/js/jquery.js]
[www.admoboost.com/index.html]
[www.admoboost.com/js/webflow-script.js]
[www.admoboost.com/images/frame-202131330228.png]
[www.admoboost.com/images/frame-202131330228-20-1-.png]
[www.admoboost.com/images/frame-202131330229.png]
[www.admoboost.com/images/hero-20section-20-2-.png]
[www.admoboost.com/images/first-20screen.png]
[www.admoboost.com/images/first-20screen-20-1-.png]
[www.admoboost.com/images/first-20screen-20-2-.png]
[www.admoboost.com/images/desktoptags.png]
[www.admoboost.com/images/hero-20section-20-1-.png]
[www.admoboost.com/css/webflow-style.css]
[fonts.googleapis.com/index.html]
[fonts.gstatic.com/index.html]
[fonts.gstatic.com/s/inter/v20/UcCM3FwrK3iLTcvneQg7Ca725JhhKnNqk4j1ebLhAm8SrXTc2dphjQ.ttf]
[fonts.gstatic.com/s/inter/v20/UcCM3FwrK3iLTcvneQg7Ca725JhhKnNqk4j1ebLhAm8SrXTcWdthjQ.ttf]
[fonts.gstatic.com/s/inter/v20/UcCM3FwrK3iLTcvneQg7Ca725JhhKnNqk4j1ebLhAm8SrXTch9thjQ.ttf]
[fonts.gstatic.com/s/inter/v20/UcCM3FwrK3iLTcvneQg7Ca725JhhKnNqk4j1ebLhAm8SrXTc2dthjQ.ttf]
[fonts.gstatic.com/s/inter/v20/UcCM3FwrK3iLTcvneQg7Ca725JhhKnNqk4j1ebLhAm8SrXTc69thjQ.ttf]
[fonts.gstatic.com/s/inter/v20/UcCM3FwrK3iLTcvneQg7Ca725JhhKnNqk4j1ebLhAm8SrXTcB9xhjQ.ttf]
[fonts.gstatic.com/s/inter/v20/UcCM3FwrK3iLTcvneQg7Ca725JhhKnNqk4j1ebLhAm8SrXTcPtxhjQ.ttf]
[fonts.gstatic.com/s/inter/v20/UcCM3FwrK3iLTcvneQg7Ca725JhhKnNqk4j1ebLhAm8SrXTcWdxhjQ.ttf]
[fonts.gstatic.com/s/inter/v20/UcCM3FwrK3iLTcvneQg7Ca725JhhKnNqk4j1ebLhAm8SrXTccNxhjQ.ttf]
[fonts.gstatic.com/s/inter/v20/UcCO3FwrK3iLTeHuS_nVMrMxCp50SjIw2boKoduKmMEVuLyeMZg.ttf]
[fonts.gstatic.com/s/inter/v20/UcCO3FwrK3iLTeHuS_nVMrMxCp50SjIw2boKoduKmMEVuDyfMZg.ttf]
[fonts.gstatic.com/s/inter/v20/UcCO3FwrK3iLTeHuS_nVMrMxCp50SjIw2boKoduKmMEVuOKfMZg.ttf]
[fonts.gstatic.com/s/inter/v20/UcCO3FwrK3iLTeHuS_nVMrMxCp50SjIw2boKoduKmMEVuLyfMZg.ttf]
[fonts.gstatic.com/s/inter/v20/UcCO3FwrK3iLTeHuS_nVMrMxCp50SjIw2boKoduKmMEVuI6fMZg.ttf]
[fonts.gstatic.com/s/inter/v20/UcCO3FwrK3iLTeHuS_nVMrMxCp50SjIw2boKoduKmMEVuGKYMZg.ttf]
[fonts.gstatic.com/s/inter/v20/UcCO3FwrK3iLTeHuS_nVMrMxCp50SjIw2boKoduKmMEVuFuYMZg.ttf]
[fonts.gstatic.com/s/inter/v20/UcCO3FwrK3iLTeHuS_nVMrMxCp50SjIw2boKoduKmMEVuDyYMZg.ttf]
[fonts.gstatic.com/s/inter/v20/UcCO3FwrK3iLTeHuS_nVMrMxCp50SjIw2boKoduKmMEVuBWYMZg.ttf]
[fonts.gstatic.com/s/oswald/v57/TK3_WkUHHAIjg75cFRf3bXL8LICs13FvgUE.ttf]
[fonts.gstatic.com/s/oswald/v57/TK3_WkUHHAIjg75cFRf3bXL8LICs169vgUE.ttf]
[fonts.gstatic.com/s/oswald/v57/TK3_WkUHHAIjg75cFRf3bXL8LICs1_FvgUE.ttf]
[fonts.gstatic.com/s/oswald/v57/TK3_WkUHHAIjg75cFRf3bXL8LICs18NvgUE.ttf]
[fonts.gstatic.com/s/oswald/v57/TK3_WkUHHAIjg75cFRf3bXL8LICs1y9ogUE.ttf]
[fonts.googleapis.com/css27f3c.css]
[www.admoboost.com/index-2.html]
[www.admoboost.com/images/frame-202131330264.svg]
[fonts.gstatic.com/s/oswald/v57/TK3_WkUHHAIjg75cFRf3bXL8LICs1xZogUE.ttf]
[www.admoboost.com/moboost-ai-prototype.html]
[cdnjs.cloudflare.com/ajax/libs/three.js/r128/three.min.js]
[www.admoboost.com/ru/cross-platform-advertising.html]
[www.admoboost.com/cross-platform-advertising.html]
[www.admoboost.com/ru/case-studies.html]
[www.admoboost.com/images/frame-202131330370.png]
[www.admoboost.com/images/frame-202131330191.png]
[www.admoboost.com/images/frame-202131330195.png]
[www.admoboost.com/images/frame-202131330194.png]
[www.admoboost.com/case-studies.html]
[www.admoboost.com/ru/job-offers.html]
[www.admoboost.com/job-offers.html]
[www.admoboost.com/ru.html]
[www.admoboost.com/images/frame-202131330372.svg]
[www.admoboost.com/images/frame-202131330379.svg]
[www.admoboost.com/images/frame-202131330372-20-1-.svg]
[www.admoboost.com/images/frame-202131329983-20-2-.svg]
[www.admoboost.com/images/frame-202131330373-1.svg]
[www.admoboost.com/images/frame-202131330376.svg]
[www.admoboost.com/images/frame-202131329983.svg]
[www.admoboost.com/images/frame-202131329984.svg]
[www.admoboost.com/images/frame-202131329986.svg]
[www.admoboost.com/images/frame-202131329985.svg]
[www.admoboost.com/images/frame-2131329993.svg]
[www.admoboost.com/images/frame-2131329992.svg]
[www.admoboost.com/images/frame-2131329994.svg]
[www.admoboost.com/images/frame-2131329995.svg]
[www.admoboost.com/images/frame-202131330241.svg]
[www.admoboost.com/images/frame-202131330244.svg]
[www.admoboost.com/images/frame-202131330243.svg]
[www.admoboost.com/images/frame-202131330242.svg]
[www.admoboost.com/images/frame-202131330245.svg]
[www.admoboost.com/privacy-policy.html]
[www.admoboost.com/ru/privacy-policy.html]
[www.admoboost.com/privacy-policy-2.html]
[www.admoboost.com/images/close_svgrepo.com-20-1-.svg]
[www.linkedin.com/company/linkedin.com_moboost/index.html]
[www.admoboost.com/images/linkedin.svg]
[www.admoboost.com/images/exclude.svg]
[www.admoboost.com/images/frame-202131330164.svg]
[www.admoboost.com/images/custom-checkbox-checkmark.589d534424.svg]
[www.admoboost.com/images/description.svg]
[www.admoboost.com/images/slogan.svg]
[www.admoboost.com/images/desktoptags.svg]
[www.admoboost.com/images/frame-202131330228.svg]
[www.admoboost.com/images/frame-202131330229.svg]
[www.admoboost.com/images/frame-202131330373.svg]
[www.admoboost.com/images/frame-202131330372-20-2-.svg]
[www.admoboost.com/images/frame-202131330175.svg]
[www.admoboost.com/ru/privacy-policy.7b.delayed]
[www.admoboost.com/ru/cross-platform-advertising.html]
[www.admoboost.com/images/frame-202131330241-20-1-.svg]
[www.admoboost.com/images/frame-202131330244-20-1-.svg]
[www.admoboost.com/images/frame-202131330242-20-1-.svg]
[www.admoboost.com/images/frame-202131330243-20-1-.svg]
[www.admoboost.com/images/frame-202131330245-20-1-.svg]
[www.admoboost.com/images/frame-202131329989-1.svg]
[www.admoboost.com/images/frame-202131329992.svg]
[www.admoboost.com/images/frame-202131329987-1.svg]
[www.admoboost.com/images/frame-202131329991.svg]
[www.admoboost.com/images/frame-202131330274.svg]
[www.admoboost.com/images/frame-202131329989-1-1.svg]
[www.admoboost.com/images/frame-202131329988.svg]
[www.admoboost.com/images/frame-202131329987-1-1.svg]
[www.admoboost.com/images/frame-202131329991-1.svg]
[www.admoboost.com/images/frame-202131329993.svg]
[www.admoboost.com/ru/case-studies.html]
[www.admoboost.com/ru/ru/privacy-policy.7c.delayed]
[www.admoboost.com/ru/job-offers.html]
[www.admoboost.com/ru/privacy-policy.html]
[moboost.webflow.io/index.html]
[moboost.webflow.io/ru.html]
[moboost.webflow.io/zh.html]
[www.admoboost.com/ru/privacy-policy-2.html]
[www.admoboost.com/ru/ru/privacy-policy.html]
[moboost.webflow.io/cross-platform-advertising.html]
[moboost.webflow.io/ru/cross-platform-advertising.html]
[moboost.webflow.io/zh/cross-platform-advertising.html]
[moboost.webflow.io/case-studies.html]
[moboost.webflow.io/ru/case-studies.html]
[moboost.webflow.io/zh/case-studies.html]
[moboost.webflow.io/job-offers.html]
[moboost.webflow.io/ru/job-offers.html]
[moboost.webflow.io/zh/job-offers.html]
[moboost.webflow.io/privacy-policy.html]
[moboost.webflow.io/ru/privacy-policy.html]
[moboost.webflow.io/zh/privacy-policy.html]
